
+-----------------------------------------------+
|                   IOb-Console                 |
+-----------------------------------------------+

  BaudRate = 115200
  StopBits = 1
  Parity   = None

IOb-Console: connecting...

IOb-Bootloader: connected!
IOb-Bootloader: Restart CPU to run user program...



[SUT]: Hello world!


[SUT]: This message was sent from SUT!

[SUT]: Reading REGFILEIF contents:
[SUT] Register 1: 0 
[SUT] Register 2: 0 

[SUT]: Stored values 128 and 2048 in REGFILEIF registers 3 and 4.
IOb-Console: exiting...
