
+-----------------------------------------------+
|                   IOb-Console                 |
+-----------------------------------------------+

IOb-Console: connecting...

IOb-Bootloader: connected!
IOb-Bootloader: Restart CPU to run user program...



[SUT]: Hello world!


[SUT]: This message was sent from SUT!
[SUT]: Stored values 128 and 1024 in REGFILEIF registers 3 and 4.
IOb-Console: exiting...
